time:0.037
time-wall:0.044
max-rss:24076
csw-voluntary:84
csw-forced:68
exitcode:0
